// Jest Snapshot v1, https://goo.gl/fbAQLP

exports[`Pruebas en GifItem Must match snapshot 1`] = `
<div>
  <div
    class="card"
  >
    <img
      alt="Tanjiro"
      src="https://tanjiro.com/"
    />
    <p>
      Tanjiro
    </p>
  </div>
</div>
`;
